[pre-commit] 정적 스캔…
================================================================
audit_static_scan.py — 종합 감사 정적 스캔
================================================================
[PASS] ⑥ 버전 정합(APP_VERSION=헤더=changelog 마지막)
[PASS] ⑥ gitignore 필수 패턴 커버
[PASS] ⑥ 민감 산출물 미추적
[PASS] ① _log() 내부 _mc_mode 가드
[PASS] ⑨ _record_frame 호출 _mc_mode 가드
[PASS] ① 3종세트 enable_battle_mode
[PASS] ① 3종세트 enable_munition_limit
[PASS] ① 3종세트 enable_ship_evasion
[PASS] ① 3종세트 enable_esm_arm
[PASS] ① 3종세트 enable_sonar_emcon
[PASS] ① 3종세트 enable_asw_forward
[PASS] ① 3종세트 enable_cyber_warfare
[PASS] ① 3종세트 enable_hgv_glide
[PASS] ① 3종세트 enable_unmanned_assets
[PASS] ① 3종세트 enable_autonomous_engagement
[PASS] ① 3종세트 enable_ras_rearm
[PASS] ① 3종세트 enable_laser_dew
[PASS] ① 3종세트 enable_army_campaign
[PASS] ① 3종세트 enable_coastal_sam
[PASS] ① 3종세트 enable_amphibious
[PASS] ① 3종세트 enable_enemy_sead
[PASS] ① 3종세트 enable_campaign_mode
[PASS] ① 3종세트 enable_campaign_fog
[PASS] ① 3종세트 enable_air_campaign
[PASS] ① 3종세트 enable_precise_engagement
[PASS] ① 3종세트 enable_sead
[PASS] ① 3종세트 enable_strategic_strike
[PASS] ① 체크박스 위젯 attr 중복정의 없음(orphan 방지)
[PASS] ① 추출 sanity: 체크박스 빌드 플래그(복원검사 기반)
[PASS] ① 플래그 복원 전수(자동추출 61개 체크박스)
[PASS] ① 추출 sanity: 엔진 소비 플래그(숨은플래그 검사 기반)
[PASS] ① 숨은 플래그 없음(소비O·UI빌드X·화이트리스트X)
[PASS] ① 추출 sanity: 엔진 소비 플래그(효과커버 검사 기반)
[PASS] ① 추출 sanity: 효과 프로브 등재(PROBES)
[PASS] ① 신규 토글 검증 필수(부채 0·상환 43·종결 1)
[PASS] ① 부채 상환 반영(커버되면 EFFECT_DEBT서 제거)
[PASS] ① EFFECT_DEBT/ALIVE 유효성(삭제된 토글 잔류 없음)
[PASS] ② 추출 sanity: DB 항목 파싱(엔티티/스펙)
[PASS] ② db_specsheet 항목 = 엔티티 DB 항목(집합)
[PASS] ⑤ 추출 sanity: spec excludes 파싱
[PASS] ⑤ spec excludes 에 미사용 대형 패키지 명시
[PASS] ⑤ 번들 산출물 과잉(잔존/크기)
[PASS] ⑧ 전장 progress/score 분모 0 가드
[PASS] ① MC 3경로+라우터+집계 존재
[PASS] ③ 골든 커버리지(전 케이스 동일값 지표=회귀 사각)
[PASS] ⑥ _PLANS 완료분 반영(구현된 항목 stale 미래형·보류 잔존)
[FAIL] ⑥ README 파일구조 = 실제 코드/데이터 파일 전수 커버
        README 미기재=['_audit_smoke_util.py']
[PASS] ⑥ README DB 항목수·단계 버전 = 실제
[PASS] ⑥ 적 편대 프리셋 설명 = 실제 편성
[PASS] ⑥ 파일명 stale 버전스탬프(_v<N>) 없음
[PASS] ⑥ 구현완료 plan_v<N>_<M> 루트 잔존 없음(→ _archive/plans/)
[PASS] ⑤ exe 리소스 로더 기본경로 _MEIPASS 경유(상대경로 폴백 방지)
[PASS] ⑥ 메모리 patch_queue 재개지점 버전 == 코드 APP_VERSION
[PASS] ⑥ SESSION_LOG 세션 저널 최신성(HEAD 거리 <10)
----------------------------------------------------------------
커버리지: 정적검사 54항목 · 체크박스 플래그 복원 자동추출 61개 · 회귀 38×29 · property 불변식(별도 audit_property.py) · 열린 사각 8건(BLIND_SPOTS.md)
----------------------------------------------------------------
53/54 PASS
⚠ FAIL 항목은 사람이 검토 — 휴리스틱 오탐일 수도, 실제 회귀일 수도 있다.
❌ 정적 스캔 FAIL — 수정 후 재커밋 (우회: git commit --no-verify)
EXIT=1
